{'repeat_idx': 1, 'task': 'pick_two_obj_and_place-Watch-None-CoffeeTable-209/trial_T20190909_020350_646515'} - failure
{'repeat_idx': 1, 'task': 'pick_cool_then_place_in_recep-Lettuce-None-SinkBasin-21/trial_T20190909_004903_835447'} - failure
{'repeat_idx': 1, 'task': 'pick_and_place_with_movable_recep-LettuceSliced-Pan-Fridge-16/trial_T20190908_182306_326742'} - failure
{'repeat_idx': 0, 'task': 'pick_cool_then_place_in_recep-Mug-None-CoffeeMachine-19/trial_T20190907_161939_351495'} - success
{'repeat_idx': 0, 'task': 'pick_heat_then_place_in_recep-AppleSliced-None-SideTable-28/trial_T20190908_004037_350395'} - failure
{'repeat_idx': 1, 'task': 'pick_and_place_simple-Book-None-Bed-306/trial_T20190907_125249_700188'} - failure
{'repeat_idx': 2, 'task': 'look_at_obj_in_light-Laptop-None-DeskLamp-317/trial_T20190909_001901_917364'} - failure
{'repeat_idx': 1, 'task': 'pick_heat_then_place_in_recep-Mug-None-SinkBasin-17/trial_T20190908_131906_201089'} - failure
{'repeat_idx': 2, 'task': 'pick_cool_then_place_in_recep-LettuceSliced-None-SinkBasin-13/trial_T20190908_101402_680169'} - failure
{'repeat_idx': 1, 'task': 'pick_and_place_with_movable_recep-Candle-Plate-DiningTable-223/trial_T20190909_003209_935774'} - failure
{'repeat_idx': 0, 'task': 'pick_heat_then_place_in_recep-TomatoSliced-None-SideTable-21/trial_T20190908_031550_921229'} - failure
{'repeat_idx': 2, 'task': 'pick_clean_then_place_in_recep-Pan-None-Cabinet-1/trial_T20190908_164919_829933'} - failure
{'repeat_idx': 1, 'task': 'pick_cool_then_place_in_recep-Pot-None-CounterTop-17/trial_T20190908_235355_463197'} - failure
{'repeat_idx': 0, 'task': 'pick_and_place_simple-HandTowel-None-GarbageCan-416/trial_T20190909_062150_965386'} - success
{'repeat_idx': 2, 'task': 'look_at_obj_in_light-Watch-None-FloorLamp-210/trial_T20190908_141539_928145'} - failure
{'repeat_idx': 2, 'task': 'pick_and_place_with_movable_recep-DishSponge-Plate-Cabinet-19/trial_T20190908_235646_691072'} - failure
{'repeat_idx': 2, 'task': 'pick_heat_then_place_in_recep-PotatoSliced-None-Fridge-20/trial_T20190909_123440_684188'} - failure
{'repeat_idx': 1, 'task': 'pick_clean_then_place_in_recep-Apple-None-Fridge-27/trial_T20190906_220808_492885'} - success
{'repeat_idx': 1, 'task': 'pick_and_place_with_movable_recep-Knife-Bowl-SideTable-28/trial_T20190907_074956_346598'} - failure
{'repeat_idx': 2, 'task': 'pick_two_obj_and_place-KeyChain-None-Sofa-225/trial_T20190907_143028_102387'} - failure
{'repeat_idx': 2, 'task': 'pick_and_place_simple-SoapBottle-None-Cart-430/trial_T20190909_100609_714213'} - failure
{'repeat_idx': 2, 'task': 'look_at_obj_in_light-Pencil-None-DeskLamp-320/trial_T20190908_143829_213070'} - success
{'repeat_idx': 0, 'task': 'pick_and_place_with_movable_recep-ButterKnife-Cup-CounterTop-8/trial_T20190910_012855_618011'} - failure
{'repeat_idx': 0, 'task': 'pick_two_obj_and_place-Cup-None-Shelf-1/trial_T20190908_015402_128805'} - failure
{'repeat_idx': 0, 'task': 'pick_heat_then_place_in_recep-PotatoSliced-None-GarbageCan-2/trial_T20190912_220225_454348'} - failure
{'repeat_idx': 2, 'task': 'pick_and_place_with_movable_recep-Watch-Box-CoffeeTable-213/trial_T20190907_100758_815621'} - failure
{'repeat_idx': 1, 'task': 'pick_cool_then_place_in_recep-Bowl-None-CounterTop-13/trial_T20190909_060947_567458'} - failure
{'repeat_idx': 2, 'task': 'pick_clean_then_place_in_recep-Spatula-None-DiningTable-17/trial_T20190909_044854_236942'} - failure
{'repeat_idx': 1, 'task': 'look_at_obj_in_light-Book-None-DeskLamp-328/trial_T20190908_062949_158183'} - failure
{'repeat_idx': 1, 'task': 'pick_cool_then_place_in_recep-Pan-None-DiningTable-11/trial_T20190908_204315_625279'} - failure
{'repeat_idx': 0, 'task': 'pick_and_place_simple-WateringCan-None-CoffeeTable-209/trial_T20190908_134534_137948'} - failure
{'repeat_idx': 0, 'task': 'pick_clean_then_place_in_recep-Bowl-None-Microwave-30/trial_T20190907_063817_005458'} - success
{'repeat_idx': 0, 'task': 'pick_clean_then_place_in_recep-Cloth-None-Toilet-405/trial_T20190909_042839_492881'} - success
{'repeat_idx': 0, 'task': 'look_at_obj_in_light-TennisRacket-None-DeskLamp-318/trial_T20190907_004001_972587'} - failure
{'repeat_idx': 0, 'task': 'pick_and_place_simple-RemoteControl-None-Ottoman-208/trial_T20190909_100923_960630'} - failure
{'repeat_idx': 1, 'task': 'look_at_obj_in_light-Pillow-None-DeskLamp-314/trial_T20190908_115833_802764'} - failure
{'repeat_idx': 0, 'task': 'pick_two_obj_and_place-CreditCard-None-SideTable-326/trial_T20190908_184844_354498'} - failure
{'repeat_idx': 2, 'task': 'pick_and_place_with_movable_recep-ButterKnife-Pot-CounterTop-30/trial_T20190908_040502_709875'} - failure
{'repeat_idx': 1, 'task': 'look_at_obj_in_light-Bowl-None-DeskLamp-302/trial_T20190908_030636_661532'} - success
{'repeat_idx': 2, 'task': 'pick_and_place_with_movable_recep-ButterKnife-Cup-CounterTop-1/trial_T20190909_084351_209134'} - failure
{'repeat_idx': 0, 'task': 'pick_clean_then_place_in_recep-LettuceSliced-None-Fridge-11/trial_T20190907_002531_039595'} - success
{'repeat_idx': 2, 'task': 'look_at_obj_in_light-CreditCard-None-FloorLamp-211/trial_T20190909_052639_216129'} - failure
{'repeat_idx': 3, 'task': 'pick_and_place_with_movable_recep-ButterKnife-Cup-SideTable-28/trial_T20190906_181657_123304'} - failure
{'repeat_idx': 0, 'task': 'pick_two_obj_and_place-TissueBox-None-DiningTable-230/trial_T20190909_145505_799057'} - failure
{'repeat_idx': 0, 'task': 'pick_heat_then_place_in_recep-Tomato-None-Fridge-30/trial_T20190907_235531_894602'} - failure
{'repeat_idx': 1, 'task': 'pick_clean_then_place_in_recep-TomatoSliced-None-CounterTop-25/trial_T20190909_065535_805000'} - failure
{'repeat_idx': 1, 'task': 'pick_two_obj_and_place-TissueBox-None-CoffeeTable-220/trial_T20190909_145750_484036'} - failure
{'repeat_idx': 2, 'task': 'pick_heat_then_place_in_recep-AppleSliced-None-Fridge-17/trial_T20190910_143518_997255'} - failure
{'repeat_idx': 1, 'task': 'pick_two_obj_and_place-SoapBar-None-BathtubBasin-407/trial_T20190908_180033_542570'} - failure
{'repeat_idx': 2, 'task': 'pick_cool_then_place_in_recep-Lettuce-None-CounterTop-22/trial_T20190908_084626_474201'} - failure
{'repeat_idx': 0, 'task': 'look_at_obj_in_light-Pillow-None-DeskLamp-301/trial_T20190908_012939_225603'} - failure
{'repeat_idx': 2, 'task': 'pick_clean_then_place_in_recep-AppleSliced-None-GarbageCan-6/trial_T20190908_121813_388991'} - failure
{'repeat_idx': 2, 'task': 'pick_and_place_with_movable_recep-Ladle-Pan-SinkBasin-2/trial_T20190907_160445_960889'} - failure
{'repeat_idx': 2, 'task': 'pick_clean_then_place_in_recep-Pot-None-StoveBurner-26/trial_T20190907_210713_391992'} - failure
{'repeat_idx': 1, 'task': 'look_at_obj_in_light-CD-None-DeskLamp-316/trial_T20190909_114536_775689'} - failure
{'repeat_idx': 0, 'task': 'pick_two_obj_and_place-CellPhone-None-ArmChair-229/trial_T20190907_082008_641926'} - success
{'repeat_idx': 2, 'task': 'pick_and_place_with_movable_recep-RemoteControl-Box-CoffeeTable-211/trial_T20190909_002955_304595'} - failure
{'repeat_idx': 2, 'task': 'pick_and_place_with_movable_recep-TomatoSliced-Pot-Fridge-27/trial_T20190907_192526_106555'} - failure
{'repeat_idx': 0, 'task': 'pick_two_obj_and_place-DishSponge-None-GarbageCan-421/trial_T20190907_163320_744037'} - failure
{'repeat_idx': 0, 'task': 'pick_and_place_with_movable_recep-KeyChain-Box-Sofa-229/trial_T20190908_143946_662864'} - failure
{'repeat_idx': 0, 'task': 'look_at_obj_in_light-CD-None-DeskLamp-304/trial_T20190907_185649_782438'} - failure
{'repeat_idx': 1, 'task': 'pick_and_place_simple-Candle-None-SideTable-420/trial_T20190907_025655_142954'} - failure
{'repeat_idx': 2, 'task': 'pick_clean_then_place_in_recep-Potato-None-GarbageCan-19/trial_T20190908_073719_353393'} - success
{'repeat_idx': 0, 'task': 'pick_cool_then_place_in_recep-WineBottle-None-DiningTable-17/trial_T20190908_003247_118049'} - failure
{'repeat_idx': 1, 'task': 'pick_cool_then_place_in_recep-Bowl-None-SinkBasin-24/trial_T20190907_034927_891632'} - failure
{'repeat_idx': 2, 'task': 'pick_clean_then_place_in_recep-Mug-None-CoffeeMachine-1/trial_T20190909_134737_070224'} - success
{'repeat_idx': 1, 'task': 'pick_heat_then_place_in_recep-Egg-None-Fridge-17/trial_T20190909_130835_721326'} - failure
{'repeat_idx': 0, 'task': 'look_at_obj_in_light-AlarmClock-None-DeskLamp-301/trial_T20190907_174127_043461'} - failure
{'repeat_idx': 0, 'task': 'pick_and_place_with_movable_recep-Spoon-Pan-SinkBasin-14/trial_T20190907_194707_724960'} - failure
{'repeat_idx': 2, 'task': 'pick_cool_then_place_in_recep-TomatoSliced-None-Microwave-13/trial_T20190909_112823_212387'} - failure
{'repeat_idx': 2, 'task': 'pick_and_place_simple-Fork-None-Drawer-12/trial_T20190907_151034_037531'} - success
{'repeat_idx': 2, 'task': 'pick_two_obj_and_place-CellPhone-None-Bed-314/trial_T20190909_013349_694646'} - failure
{'repeat_idx': 2, 'task': 'pick_two_obj_and_place-Newspaper-None-CoffeeTable-211/trial_T20190907_155539_093189'} - failure
{'repeat_idx': 2, 'task': 'pick_and_place_with_movable_recep-KeyChain-Box-ArmChair-210/trial_T20190908_014922_148721'} - failure
{'repeat_idx': 0, 'task': 'look_at_obj_in_light-RemoteControl-None-FloorLamp-220/trial_T20190908_004633_687279'} - failure
{'repeat_idx': 2, 'task': 'pick_two_obj_and_place-Newspaper-None-GarbageCan-218/trial_T20190907_225437_969645'} - failure
{'repeat_idx': 0, 'task': 'pick_heat_then_place_in_recep-BreadSliced-None-Fridge-5/trial_T20190908_180947_483441'} - failure
{'repeat_idx': 0, 'task': 'pick_and_place_simple-RemoteControl-None-ArmChair-207/trial_T20190908_140544_546482'} - success
{'repeat_idx': 0, 'task': 'pick_clean_then_place_in_recep-Fork-None-SideTable-21/trial_T20190909_041401_796447'} - failure
{'repeat_idx': 0, 'task': 'pick_cool_then_place_in_recep-Lettuce-None-GarbageCan-16/trial_T20190909_014736_101510'} - failure
{'repeat_idx': 0, 'task': 'pick_two_obj_and_place-CreditCard-None-Sofa-206/trial_T20190906_203503_354880'} - failure
{'repeat_idx': 2, 'task': 'pick_two_obj_and_place-CreditCard-None-ArmChair-311/trial_T20190908_071711_986662'} - failure
{'repeat_idx': 0, 'task': 'pick_cool_then_place_in_recep-Pot-None-StoveBurner-25/trial_T20190906_234716_068806'} - failure
{'repeat_idx': 2, 'task': 'pick_two_obj_and_place-SoapBar-None-BathtubBasin-405/trial_T20190909_003219_622822'} - failure
{'repeat_idx': 1, 'task': 'pick_and_place_with_movable_recep-CreditCard-Bowl-CoffeeTable-201/trial_T20190908_192028_568473'} - {'repeat_idx': 0, 'task': 'pick_cool_then_place_in_recep-LettuceSliced-None-DiningTable-17/trial_T20190909_070538_437648'} - failure
{'repeat_idx': 1, 'task': 'pick_cool_then_place_in_recep-LettuceSliced-None-DiningTable-17/trial_T20190909_070538_437648'} - failure
{'repeat_idx': 2, 'task': 'pick_cool_then_place_in_recep-LettuceSliced-None-DiningTable-17/trial_T20190909_070538_437648'} - 